#-----------------------------------------------------------
# Vivado v2018.3 (64-bit)
# SW Build 2405991 on Thu Dec  6 23:38:27 MST 2018
# IP Build 2404404 on Fri Dec  7 01:43:56 MST 2018
# Start of session at: Wed Nov 13 03:17:52 2024
# Process ID: 41420
# Current directory: E:/project/single/Digital_System_Design/II/project_4
# Command line: vivado.exe -gui_launcher_event rodinguilauncherevent20680 E:\project\single\Digital_System_Design\II\project_4\project_4.xpr
# Log file: E:/project/single/Digital_System_Design/II/project_4/vivado.log
# Journal file: E:/project/single/Digital_System_Design/II/project_4\vivado.jou
#-----------------------------------------------------------
start_gui
open_project E:/project/single/Digital_System_Design/II/project_4/project_4.xpr
update_compile_order -fileset sources_1
open_hw
connect_hw_server
open_hw_target
set_property PROGRAM.FILE {E:/project/single/Digital_System_Design/II/project_4/project_4.runs/impl_1/II_4.bit} [get_hw_devices xc7a35t_0]
current_hw_device [get_hw_devices xc7a35t_0]
refresh_hw_device -update_hw_probes false [lindex [get_hw_devices xc7a35t_0] 0]
set_property PROBES.FILE {} [get_hw_devices xc7a35t_0]
set_property FULL_PROBES.FILE {} [get_hw_devices xc7a35t_0]
set_property PROGRAM.FILE {E:/project/single/Digital_System_Design/II/project_4/project_4.runs/impl_1/II_4.bit} [get_hw_devices xc7a35t_0]
program_hw_devices [get_hw_devices xc7a35t_0]
refresh_hw_device [lindex [get_hw_devices xc7a35t_0] 0]
reset_run synth_1
launch_runs impl_1 -to_step write_bitstream -jobs 16
wait_on_run impl_1
set_property PROBES.FILE {} [get_hw_devices xc7a35t_0]
set_property FULL_PROBES.FILE {} [get_hw_devices xc7a35t_0]
set_property PROGRAM.FILE {E:/project/single/Digital_System_Design/II/project_4/project_4.runs/impl_1/II_4.bit} [get_hw_devices xc7a35t_0]
program_hw_devices [get_hw_devices xc7a35t_0]
refresh_hw_device [lindex [get_hw_devices xc7a35t_0] 0]
set_property PROBES.FILE {} [get_hw_devices xc7a35t_0]
set_property FULL_PROBES.FILE {} [get_hw_devices xc7a35t_0]
set_property PROGRAM.FILE {E:/project/single/Digital_System_Design/II/project_4/project_4.runs/impl_1/II_4.bit} [get_hw_devices xc7a35t_0]
program_hw_devices [get_hw_devices xc7a35t_0]
refresh_hw_device [lindex [get_hw_devices xc7a35t_0] 0]
reset_run synth_1
launch_runs impl_1 -to_step write_bitstream -jobs 16
wait_on_run impl_1
set_property PROBES.FILE {} [get_hw_devices xc7a35t_0]
set_property FULL_PROBES.FILE {} [get_hw_devices xc7a35t_0]
set_property PROGRAM.FILE {E:/project/single/Digital_System_Design/II/project_4/project_4.runs/impl_1/II_4.bit} [get_hw_devices xc7a35t_0]
program_hw_devices [get_hw_devices xc7a35t_0]
refresh_hw_device [lindex [get_hw_devices xc7a35t_0] 0]
set_property PROBES.FILE {} [get_hw_devices xc7a35t_0]
set_property FULL_PROBES.FILE {} [get_hw_devices xc7a35t_0]
set_property PROGRAM.FILE {E:/project/single/Digital_System_Design/II/project_4/project_4.runs/impl_1/II_4.bit} [get_hw_devices xc7a35t_0]
program_hw_devices [get_hw_devices xc7a35t_0]
refresh_hw_device [lindex [get_hw_devices xc7a35t_0] 0]
reset_run synth_1
launch_runs impl_1 -to_step write_bitstream -jobs 16
wait_on_run impl_1
set_property PROBES.FILE {} [get_hw_devices xc7a35t_0]
set_property FULL_PROBES.FILE {} [get_hw_devices xc7a35t_0]
set_property PROGRAM.FILE {E:/project/single/Digital_System_Design/II/project_4/project_4.runs/impl_1/II_4.bit} [get_hw_devices xc7a35t_0]
program_hw_devices [get_hw_devices xc7a35t_0]
refresh_hw_device [lindex [get_hw_devices xc7a35t_0] 0]
reset_run synth_1
launch_runs impl_1 -to_step write_bitstream -jobs 16
wait_on_run impl_1
set_property PROBES.FILE {} [get_hw_devices xc7a35t_0]
set_property FULL_PROBES.FILE {} [get_hw_devices xc7a35t_0]
set_property PROGRAM.FILE {E:/project/single/Digital_System_Design/II/project_4/project_4.runs/impl_1/II_4.bit} [get_hw_devices xc7a35t_0]
program_hw_devices [get_hw_devices xc7a35t_0]
refresh_hw_device [lindex [get_hw_devices xc7a35t_0] 0]
reset_run synth_1
launch_runs impl_1 -to_step write_bitstream -jobs 16
wait_on_run impl_1
set_property PROBES.FILE {} [get_hw_devices xc7a35t_0]
set_property FULL_PROBES.FILE {} [get_hw_devices xc7a35t_0]
set_property PROGRAM.FILE {E:/project/single/Digital_System_Design/II/project_4/project_4.runs/impl_1/II_4.bit} [get_hw_devices xc7a35t_0]
program_hw_devices [get_hw_devices xc7a35t_0]
refresh_hw_device [lindex [get_hw_devices xc7a35t_0] 0]
reset_run synth_1
launch_runs impl_1 -to_step write_bitstream -jobs 16
wait_on_run impl_1
set_property PROBES.FILE {} [get_hw_devices xc7a35t_0]
set_property FULL_PROBES.FILE {} [get_hw_devices xc7a35t_0]
set_property PROGRAM.FILE {E:/project/single/Digital_System_Design/II/project_4/project_4.runs/impl_1/II_4.bit} [get_hw_devices xc7a35t_0]
program_hw_devices [get_hw_devices xc7a35t_0]
refresh_hw_device [lindex [get_hw_devices xc7a35t_0] 0]
reset_run synth_1
launch_runs impl_1 -to_step write_bitstream -jobs 16
wait_on_run impl_1
set_property PROBES.FILE {} [get_hw_devices xc7a35t_0]
set_property FULL_PROBES.FILE {} [get_hw_devices xc7a35t_0]
set_property PROGRAM.FILE {E:/project/single/Digital_System_Design/II/project_4/project_4.runs/impl_1/II_4.bit} [get_hw_devices xc7a35t_0]
program_hw_devices [get_hw_devices xc7a35t_0]
refresh_hw_device [lindex [get_hw_devices xc7a35t_0] 0]
reset_run synth_1
launch_runs impl_1 -to_step write_bitstream -jobs 16
wait_on_run impl_1
set_property PROBES.FILE {} [get_hw_devices xc7a35t_0]
set_property FULL_PROBES.FILE {} [get_hw_devices xc7a35t_0]
set_property PROGRAM.FILE {E:/project/single/Digital_System_Design/II/project_4/project_4.runs/impl_1/II_4.bit} [get_hw_devices xc7a35t_0]
program_hw_devices [get_hw_devices xc7a35t_0]
refresh_hw_device [lindex [get_hw_devices xc7a35t_0] 0]
export_ip_user_files -of_objects  [get_files E:/project/single/Digital_System_Design/II/project_4/project_4.srcs/sources_1/ip/BRAM_1/BRAM.xci] -no_script -reset -force -quiet
remove_files  -fileset BRAM E:/project/single/Digital_System_Design/II/project_4/project_4.srcs/sources_1/ip/BRAM_1/BRAM.xci
create_ip -name blk_mem_gen -vendor xilinx.com -library ip -version 8.4 -module_name BRAM_framea -dir e:/project/single/Digital_System_Design/II/project_4/project_4.srcs/sources_1/ip
set_property -dict [list CONFIG.Component_Name {BRAM_framea} CONFIG.Memory_Type {Single_Port_ROM} CONFIG.Write_Width_A {12} CONFIG.Write_Depth_A {40000} CONFIG.Read_Width_A {12} CONFIG.Write_Width_B {12} CONFIG.Read_Width_B {12} CONFIG.Load_Init_File {true} CONFIG.Coe_File {E:/project/single/Digital_System_Design/II/project_4/frame_a.coe} CONFIG.Port_A_Write_Rate {0}] [get_ips BRAM_framea]
generate_target {instantiation_template} [get_files e:/project/single/Digital_System_Design/II/project_4/project_4.srcs/sources_1/ip/BRAM_framea/BRAM_framea.xci]
generate_target all [get_files  e:/project/single/Digital_System_Design/II/project_4/project_4.srcs/sources_1/ip/BRAM_framea/BRAM_framea.xci]
catch { config_ip_cache -export [get_ips -all BRAM_framea] }
export_ip_user_files -of_objects [get_files e:/project/single/Digital_System_Design/II/project_4/project_4.srcs/sources_1/ip/BRAM_framea/BRAM_framea.xci] -no_script -sync -force -quiet
create_ip_run [get_files -of_objects [get_fileset sources_1] e:/project/single/Digital_System_Design/II/project_4/project_4.srcs/sources_1/ip/BRAM_framea/BRAM_framea.xci]
launch_runs -jobs 16 BRAM_framea_synth_1
export_simulation -of_objects [get_files e:/project/single/Digital_System_Design/II/project_4/project_4.srcs/sources_1/ip/BRAM_framea/BRAM_framea.xci] -directory E:/project/single/Digital_System_Design/II/project_4/project_4.ip_user_files/sim_scripts -ip_user_files_dir E:/project/single/Digital_System_Design/II/project_4/project_4.ip_user_files -ipstatic_source_dir E:/project/single/Digital_System_Design/II/project_4/project_4.ip_user_files/ipstatic -lib_map_path [list {modelsim=E:/project/single/Digital_System_Design/II/project_4/project_4.cache/compile_simlib/modelsim} {questa=E:/project/single/Digital_System_Design/II/project_4/project_4.cache/compile_simlib/questa} {riviera=E:/project/single/Digital_System_Design/II/project_4/project_4.cache/compile_simlib/riviera} {activehdl=E:/project/single/Digital_System_Design/II/project_4/project_4.cache/compile_simlib/activehdl}] -use_ip_compiled_libs -force -quiet
reset_run synth_1
launch_runs impl_1 -to_step write_bitstream -jobs 16
wait_on_run impl_1
reset_run synth_1
launch_runs impl_1 -to_step write_bitstream -jobs 16
wait_on_run impl_1
reset_run synth_1
launch_runs impl_1 -to_step write_bitstream -jobs 16
wait_on_run impl_1
set_property PROBES.FILE {} [get_hw_devices xc7a35t_0]
set_property FULL_PROBES.FILE {} [get_hw_devices xc7a35t_0]
set_property PROGRAM.FILE {E:/project/single/Digital_System_Design/II/project_4/project_4.runs/impl_1/II_4.bit} [get_hw_devices xc7a35t_0]
program_hw_devices [get_hw_devices xc7a35t_0]
refresh_hw_device [lindex [get_hw_devices xc7a35t_0] 0]
export_ip_user_files -of_objects  [get_files E:/project/single/Digital_System_Design/II/project_4/project_4.srcs/sources_1/ip/BRAM_0/BRAM_0.xci] -no_script -reset -force -quiet
remove_files  -fileset BRAM_0 E:/project/single/Digital_System_Design/II/project_4/project_4.srcs/sources_1/ip/BRAM_0/BRAM_0.xci
create_ip -name blk_mem_gen -vendor xilinx.com -library ip -version 8.4 -module_name BRAM_frameb -dir e:/project/single/Digital_System_Design/II/project_4/project_4.srcs/sources_1/ip
set_property -dict [list CONFIG.Component_Name {BRAM_frameb} CONFIG.Memory_Type {Single_Port_ROM} CONFIG.Write_Width_A {12} CONFIG.Write_Depth_A {40000} CONFIG.Read_Width_A {12} CONFIG.Write_Width_B {12} CONFIG.Read_Width_B {12} CONFIG.Load_Init_File {true} CONFIG.Coe_File {E:/project/single/Digital_System_Design/II/project_4/frame_b.coe} CONFIG.Port_A_Write_Rate {0}] [get_ips BRAM_frameb]
generate_target {instantiation_template} [get_files e:/project/single/Digital_System_Design/II/project_4/project_4.srcs/sources_1/ip/BRAM_frameb/BRAM_frameb.xci]
generate_target all [get_files  e:/project/single/Digital_System_Design/II/project_4/project_4.srcs/sources_1/ip/BRAM_frameb/BRAM_frameb.xci]
catch { config_ip_cache -export [get_ips -all BRAM_frameb] }
export_ip_user_files -of_objects [get_files e:/project/single/Digital_System_Design/II/project_4/project_4.srcs/sources_1/ip/BRAM_frameb/BRAM_frameb.xci] -no_script -sync -force -quiet
create_ip_run [get_files -of_objects [get_fileset sources_1] e:/project/single/Digital_System_Design/II/project_4/project_4.srcs/sources_1/ip/BRAM_frameb/BRAM_frameb.xci]
launch_runs -jobs 16 BRAM_frameb_synth_1
export_simulation -of_objects [get_files e:/project/single/Digital_System_Design/II/project_4/project_4.srcs/sources_1/ip/BRAM_frameb/BRAM_frameb.xci] -directory E:/project/single/Digital_System_Design/II/project_4/project_4.ip_user_files/sim_scripts -ip_user_files_dir E:/project/single/Digital_System_Design/II/project_4/project_4.ip_user_files -ipstatic_source_dir E:/project/single/Digital_System_Design/II/project_4/project_4.ip_user_files/ipstatic -lib_map_path [list {modelsim=E:/project/single/Digital_System_Design/II/project_4/project_4.cache/compile_simlib/modelsim} {questa=E:/project/single/Digital_System_Design/II/project_4/project_4.cache/compile_simlib/questa} {riviera=E:/project/single/Digital_System_Design/II/project_4/project_4.cache/compile_simlib/riviera} {activehdl=E:/project/single/Digital_System_Design/II/project_4/project_4.cache/compile_simlib/activehdl}] -use_ip_compiled_libs -force -quiet
reset_run synth_1
launch_runs impl_1 -to_step write_bitstream -jobs 16
wait_on_run impl_1
set_property PROBES.FILE {} [get_hw_devices xc7a35t_0]
set_property FULL_PROBES.FILE {} [get_hw_devices xc7a35t_0]
set_property PROGRAM.FILE {E:/project/single/Digital_System_Design/II/project_4/project_4.runs/impl_1/II_4.bit} [get_hw_devices xc7a35t_0]
program_hw_devices [get_hw_devices xc7a35t_0]
refresh_hw_device [lindex [get_hw_devices xc7a35t_0] 0]
create_ip -name blk_mem_gen -vendor xilinx.com -library ip -version 8.4 -module_name BRAM_pointer0 -dir e:/project/single/Digital_System_Design/II/project_4/project_4.srcs/sources_1/ip
set_property -dict [list CONFIG.Component_Name {BRAM_pointer0} CONFIG.Memory_Type {Single_Port_ROM} CONFIG.Write_Width_A {12} CONFIG.Write_Depth_A {400} CONFIG.Read_Width_A {12} CONFIG.Write_Width_B {12} CONFIG.Read_Width_B {12} CONFIG.Load_Init_File {true} CONFIG.Coe_File {E:/project/single/Digital_System_Design/II/project_4/pointer.coe} CONFIG.Port_A_Write_Rate {0}] [get_ips BRAM_pointer0]
generate_target {instantiation_template} [get_files e:/project/single/Digital_System_Design/II/project_4/project_4.srcs/sources_1/ip/BRAM_pointer0/BRAM_pointer0.xci]
generate_target all [get_files  e:/project/single/Digital_System_Design/II/project_4/project_4.srcs/sources_1/ip/BRAM_pointer0/BRAM_pointer0.xci]
catch { config_ip_cache -export [get_ips -all BRAM_pointer0] }
export_ip_user_files -of_objects [get_files e:/project/single/Digital_System_Design/II/project_4/project_4.srcs/sources_1/ip/BRAM_pointer0/BRAM_pointer0.xci] -no_script -sync -force -quiet
create_ip_run [get_files -of_objects [get_fileset sources_1] e:/project/single/Digital_System_Design/II/project_4/project_4.srcs/sources_1/ip/BRAM_pointer0/BRAM_pointer0.xci]
export_simulation -of_objects [get_files e:/project/single/Digital_System_Design/II/project_4/project_4.srcs/sources_1/ip/BRAM_pointer0/BRAM_pointer0.xci] -directory E:/project/single/Digital_System_Design/II/project_4/project_4.ip_user_files/sim_scripts -ip_user_files_dir E:/project/single/Digital_System_Design/II/project_4/project_4.ip_user_files -ipstatic_source_dir E:/project/single/Digital_System_Design/II/project_4/project_4.ip_user_files/ipstatic -lib_map_path [list {modelsim=E:/project/single/Digital_System_Design/II/project_4/project_4.cache/compile_simlib/modelsim} {questa=E:/project/single/Digital_System_Design/II/project_4/project_4.cache/compile_simlib/questa} {riviera=E:/project/single/Digital_System_Design/II/project_4/project_4.cache/compile_simlib/riviera} {activehdl=E:/project/single/Digital_System_Design/II/project_4/project_4.cache/compile_simlib/activehdl}] -use_ip_compiled_libs -force -quiet
export_ip_user_files -of_objects  [get_files E:/project/single/Digital_System_Design/II/project_4/project_4.srcs/sources_1/ip/BRAM_P/BRAM_P.xci] -no_script -reset -force -quiet
remove_files  -fileset BRAM_P E:/project/single/Digital_System_Design/II/project_4/project_4.srcs/sources_1/ip/BRAM_P/BRAM_P.xci
update_compile_order -fileset sources_1
reset_run synth_1
launch_runs impl_1 -to_step write_bitstream -jobs 16
wait_on_run impl_1
create_ip -name blk_mem_gen -vendor xilinx.com -library ip -version 8.4 -module_name BRAM_pointer -dir e:/project/single/Digital_System_Design/II/project_4/project_4.srcs/sources_1/ip
set_property -dict [list CONFIG.Component_Name {BRAM_pointer} CONFIG.Memory_Type {Single_Port_ROM} CONFIG.Write_Width_A {12} CONFIG.Write_Depth_A {400} CONFIG.Read_Width_A {12} CONFIG.Write_Width_B {12} CONFIG.Read_Width_B {12} CONFIG.Load_Init_File {true} CONFIG.Coe_File {E:/project/single/Digital_System_Design/II/project_4/pointer.coe} CONFIG.Port_A_Write_Rate {0}] [get_ips BRAM_pointer]
generate_target {instantiation_template} [get_files e:/project/single/Digital_System_Design/II/project_4/project_4.srcs/sources_1/ip/BRAM_pointer/BRAM_pointer.xci]
update_compile_order -fileset sources_1
generate_target all [get_files  e:/project/single/Digital_System_Design/II/project_4/project_4.srcs/sources_1/ip/BRAM_pointer/BRAM_pointer.xci]
catch { config_ip_cache -export [get_ips -all BRAM_pointer] }
export_ip_user_files -of_objects [get_files e:/project/single/Digital_System_Design/II/project_4/project_4.srcs/sources_1/ip/BRAM_pointer/BRAM_pointer.xci] -no_script -sync -force -quiet
create_ip_run [get_files -of_objects [get_fileset sources_1] e:/project/single/Digital_System_Design/II/project_4/project_4.srcs/sources_1/ip/BRAM_pointer/BRAM_pointer.xci]
export_simulation -of_objects [get_files e:/project/single/Digital_System_Design/II/project_4/project_4.srcs/sources_1/ip/BRAM_pointer/BRAM_pointer.xci] -directory E:/project/single/Digital_System_Design/II/project_4/project_4.ip_user_files/sim_scripts -ip_user_files_dir E:/project/single/Digital_System_Design/II/project_4/project_4.ip_user_files -ipstatic_source_dir E:/project/single/Digital_System_Design/II/project_4/project_4.ip_user_files/ipstatic -lib_map_path [list {modelsim=E:/project/single/Digital_System_Design/II/project_4/project_4.cache/compile_simlib/modelsim} {questa=E:/project/single/Digital_System_Design/II/project_4/project_4.cache/compile_simlib/questa} {riviera=E:/project/single/Digital_System_Design/II/project_4/project_4.cache/compile_simlib/riviera} {activehdl=E:/project/single/Digital_System_Design/II/project_4/project_4.cache/compile_simlib/activehdl}] -use_ip_compiled_libs -force -quiet
export_ip_user_files -of_objects  [get_files e:/project/single/Digital_System_Design/II/project_4/project_4.srcs/sources_1/ip/BRAM_pointer0/BRAM_pointer0.xci] -no_script -reset -force -quiet
remove_files  e:/project/single/Digital_System_Design/II/project_4/project_4.srcs/sources_1/ip/BRAM_pointer0/BRAM_pointer0.xci
reset_run synth_1
launch_runs impl_1 -to_step write_bitstream -jobs 16
wait_on_run impl_1
update_compile_order -fileset sources_1
reset_run synth_1
launch_runs impl_1 -to_step write_bitstream -jobs 16
wait_on_run impl_1
set_property PROBES.FILE {} [get_hw_devices xc7a35t_0]
set_property FULL_PROBES.FILE {} [get_hw_devices xc7a35t_0]
set_property PROGRAM.FILE {E:/project/single/Digital_System_Design/II/project_4/project_4.runs/impl_1/II_4.bit} [get_hw_devices xc7a35t_0]
program_hw_devices [get_hw_devices xc7a35t_0]
refresh_hw_device [lindex [get_hw_devices xc7a35t_0] 0]
reset_run synth_1
launch_runs impl_1 -to_step write_bitstream -jobs 16
wait_on_run impl_1
set_property PROBES.FILE {} [get_hw_devices xc7a35t_0]
set_property FULL_PROBES.FILE {} [get_hw_devices xc7a35t_0]
set_property PROGRAM.FILE {E:/project/single/Digital_System_Design/II/project_4/project_4.runs/impl_1/II_4.bit} [get_hw_devices xc7a35t_0]
program_hw_devices [get_hw_devices xc7a35t_0]
refresh_hw_device [lindex [get_hw_devices xc7a35t_0] 0]
reset_run synth_1
launch_runs impl_1 -to_step write_bitstream -jobs 16
wait_on_run impl_1
set_property PROBES.FILE {} [get_hw_devices xc7a35t_0]
set_property FULL_PROBES.FILE {} [get_hw_devices xc7a35t_0]
set_property PROGRAM.FILE {E:/project/single/Digital_System_Design/II/project_4/project_4.runs/impl_1/II_4.bit} [get_hw_devices xc7a35t_0]
program_hw_devices [get_hw_devices xc7a35t_0]
refresh_hw_device [lindex [get_hw_devices xc7a35t_0] 0]
reset_run synth_1
launch_runs impl_1 -to_step write_bitstream -jobs 16
wait_on_run impl_1
set_property PROBES.FILE {} [get_hw_devices xc7a35t_0]
set_property FULL_PROBES.FILE {} [get_hw_devices xc7a35t_0]
set_property PROGRAM.FILE {E:/project/single/Digital_System_Design/II/project_4/project_4.runs/impl_1/II_4.bit} [get_hw_devices xc7a35t_0]
program_hw_devices [get_hw_devices xc7a35t_0]
refresh_hw_device [lindex [get_hw_devices xc7a35t_0] 0]
reset_run synth_1
launch_runs impl_1 -to_step write_bitstream -jobs 16
wait_on_run impl_1
set_property PROBES.FILE {} [get_hw_devices xc7a35t_0]
set_property FULL_PROBES.FILE {} [get_hw_devices xc7a35t_0]
set_property PROGRAM.FILE {E:/project/single/Digital_System_Design/II/project_4/project_4.runs/impl_1/II_4.bit} [get_hw_devices xc7a35t_0]
program_hw_devices [get_hw_devices xc7a35t_0]
refresh_hw_device [lindex [get_hw_devices xc7a35t_0] 0]
reset_run synth_1
launch_runs impl_1 -to_step write_bitstream -jobs 16
wait_on_run impl_1
set_property PROBES.FILE {} [get_hw_devices xc7a35t_0]
set_property FULL_PROBES.FILE {} [get_hw_devices xc7a35t_0]
set_property PROGRAM.FILE {E:/project/single/Digital_System_Design/II/project_4/project_4.runs/impl_1/II_4.bit} [get_hw_devices xc7a35t_0]
program_hw_devices [get_hw_devices xc7a35t_0]
refresh_hw_device [lindex [get_hw_devices xc7a35t_0] 0]
reset_run synth_1
launch_runs impl_1 -to_step write_bitstream -jobs 16
wait_on_run impl_1
set_property PROBES.FILE {} [get_hw_devices xc7a35t_0]
set_property FULL_PROBES.FILE {} [get_hw_devices xc7a35t_0]
set_property PROGRAM.FILE {E:/project/single/Digital_System_Design/II/project_4/project_4.runs/impl_1/II_4.bit} [get_hw_devices xc7a35t_0]
program_hw_devices [get_hw_devices xc7a35t_0]
refresh_hw_device [lindex [get_hw_devices xc7a35t_0] 0]
reset_run synth_1
launch_runs impl_1 -to_step write_bitstream -jobs 16
wait_on_run impl_1
set_property PROBES.FILE {} [get_hw_devices xc7a35t_0]
set_property FULL_PROBES.FILE {} [get_hw_devices xc7a35t_0]
set_property PROGRAM.FILE {E:/project/single/Digital_System_Design/II/project_4/project_4.runs/impl_1/II_4.bit} [get_hw_devices xc7a35t_0]
program_hw_devices [get_hw_devices xc7a35t_0]
refresh_hw_device [lindex [get_hw_devices xc7a35t_0] 0]
reset_run synth_1
launch_runs impl_1 -to_step write_bitstream -jobs 16
wait_on_run impl_1
set_property PROBES.FILE {} [get_hw_devices xc7a35t_0]
set_property FULL_PROBES.FILE {} [get_hw_devices xc7a35t_0]
set_property PROGRAM.FILE {E:/project/single/Digital_System_Design/II/project_4/project_4.runs/impl_1/II_4.bit} [get_hw_devices xc7a35t_0]
program_hw_devices [get_hw_devices xc7a35t_0]
refresh_hw_device [lindex [get_hw_devices xc7a35t_0] 0]
reset_run synth_1
launch_runs impl_1 -to_step write_bitstream -jobs 16
wait_on_run impl_1
set_property PROBES.FILE {} [get_hw_devices xc7a35t_0]
set_property FULL_PROBES.FILE {} [get_hw_devices xc7a35t_0]
set_property PROGRAM.FILE {E:/project/single/Digital_System_Design/II/project_4/project_4.runs/impl_1/II_4.bit} [get_hw_devices xc7a35t_0]
program_hw_devices [get_hw_devices xc7a35t_0]
refresh_hw_device [lindex [get_hw_devices xc7a35t_0] 0]
reset_run synth_1
launch_runs impl_1 -to_step write_bitstream -jobs 16
wait_on_run impl_1
set_property PROBES.FILE {} [get_hw_devices xc7a35t_0]
set_property FULL_PROBES.FILE {} [get_hw_devices xc7a35t_0]
set_property PROGRAM.FILE {E:/project/single/Digital_System_Design/II/project_4/project_4.runs/impl_1/II_4.bit} [get_hw_devices xc7a35t_0]
program_hw_devices [get_hw_devices xc7a35t_0]
refresh_hw_device [lindex [get_hw_devices xc7a35t_0] 0]
reset_run synth_1
launch_runs impl_1 -to_step write_bitstream -jobs 16
wait_on_run impl_1
set_property PROBES.FILE {} [get_hw_devices xc7a35t_0]
set_property FULL_PROBES.FILE {} [get_hw_devices xc7a35t_0]
set_property PROGRAM.FILE {E:/project/single/Digital_System_Design/II/project_4/project_4.runs/impl_1/II_4.bit} [get_hw_devices xc7a35t_0]
program_hw_devices [get_hw_devices xc7a35t_0]
refresh_hw_device [lindex [get_hw_devices xc7a35t_0] 0]
reset_run synth_1
launch_runs impl_1 -to_step write_bitstream -jobs 16
wait_on_run impl_1
reset_run synth_1
launch_runs impl_1 -to_step write_bitstream -jobs 16
wait_on_run impl_1
set_property PROBES.FILE {} [get_hw_devices xc7a35t_0]
set_property FULL_PROBES.FILE {} [get_hw_devices xc7a35t_0]
set_property PROGRAM.FILE {E:/project/single/Digital_System_Design/II/project_4/project_4.runs/impl_1/II_4.bit} [get_hw_devices xc7a35t_0]
program_hw_devices [get_hw_devices xc7a35t_0]
refresh_hw_device [lindex [get_hw_devices xc7a35t_0] 0]
reset_run synth_1
launch_runs impl_1 -to_step write_bitstream -jobs 16
wait_on_run impl_1
set_property PROBES.FILE {} [get_hw_devices xc7a35t_0]
set_property FULL_PROBES.FILE {} [get_hw_devices xc7a35t_0]
set_property PROGRAM.FILE {E:/project/single/Digital_System_Design/II/project_4/project_4.runs/impl_1/II_4.bit} [get_hw_devices xc7a35t_0]
program_hw_devices [get_hw_devices xc7a35t_0]
refresh_hw_device [lindex [get_hw_devices xc7a35t_0] 0]
reset_run synth_1
launch_runs impl_1 -to_step write_bitstream -jobs 16
wait_on_run impl_1
set_property PROBES.FILE {} [get_hw_devices xc7a35t_0]
set_property FULL_PROBES.FILE {} [get_hw_devices xc7a35t_0]
set_property PROGRAM.FILE {E:/project/single/Digital_System_Design/II/project_4/project_4.runs/impl_1/II_4.bit} [get_hw_devices xc7a35t_0]
program_hw_devices [get_hw_devices xc7a35t_0]
refresh_hw_device [lindex [get_hw_devices xc7a35t_0] 0]
reset_run synth_1
launch_runs impl_1 -to_step write_bitstream -jobs 16
wait_on_run impl_1
set_property PROBES.FILE {} [get_hw_devices xc7a35t_0]
set_property FULL_PROBES.FILE {} [get_hw_devices xc7a35t_0]
set_property PROGRAM.FILE {E:/project/single/Digital_System_Design/II/project_4/project_4.runs/impl_1/II_4.bit} [get_hw_devices xc7a35t_0]
program_hw_devices [get_hw_devices xc7a35t_0]
refresh_hw_device [lindex [get_hw_devices xc7a35t_0] 0]
reset_run synth_1
launch_runs impl_1 -to_step write_bitstream -jobs 16
wait_on_run impl_1
set_property PROBES.FILE {} [get_hw_devices xc7a35t_0]
set_property FULL_PROBES.FILE {} [get_hw_devices xc7a35t_0]
set_property PROGRAM.FILE {E:/project/single/Digital_System_Design/II/project_4/project_4.runs/impl_1/II_4.bit} [get_hw_devices xc7a35t_0]
program_hw_devices [get_hw_devices xc7a35t_0]
refresh_hw_device [lindex [get_hw_devices xc7a35t_0] 0]
reset_run synth_1
launch_runs impl_1 -to_step write_bitstream -jobs 16
wait_on_run impl_1
set_property PROBES.FILE {} [get_hw_devices xc7a35t_0]
set_property FULL_PROBES.FILE {} [get_hw_devices xc7a35t_0]
set_property PROGRAM.FILE {E:/project/single/Digital_System_Design/II/project_4/project_4.runs/impl_1/II_4.bit} [get_hw_devices xc7a35t_0]
program_hw_devices [get_hw_devices xc7a35t_0]
refresh_hw_device [lindex [get_hw_devices xc7a35t_0] 0]
reset_run synth_1
launch_runs impl_1 -to_step write_bitstream -jobs 16
wait_on_run impl_1
set_property PROBES.FILE {} [get_hw_devices xc7a35t_0]
set_property FULL_PROBES.FILE {} [get_hw_devices xc7a35t_0]
set_property PROGRAM.FILE {E:/project/single/Digital_System_Design/II/project_4/project_4.runs/impl_1/II_4.bit} [get_hw_devices xc7a35t_0]
program_hw_devices [get_hw_devices xc7a35t_0]
refresh_hw_device [lindex [get_hw_devices xc7a35t_0] 0]
reset_run synth_1
launch_runs impl_1 -to_step write_bitstream -jobs 16
wait_on_run impl_1
set_property PROBES.FILE {} [get_hw_devices xc7a35t_0]
set_property FULL_PROBES.FILE {} [get_hw_devices xc7a35t_0]
set_property PROGRAM.FILE {E:/project/single/Digital_System_Design/II/project_4/project_4.runs/impl_1/II_4.bit} [get_hw_devices xc7a35t_0]
program_hw_devices [get_hw_devices xc7a35t_0]
refresh_hw_device [lindex [get_hw_devices xc7a35t_0] 0]
reset_run synth_1
launch_runs impl_1 -to_step write_bitstream -jobs 16
wait_on_run impl_1
set_property PROBES.FILE {} [get_hw_devices xc7a35t_0]
set_property FULL_PROBES.FILE {} [get_hw_devices xc7a35t_0]
set_property PROGRAM.FILE {E:/project/single/Digital_System_Design/II/project_4/project_4.runs/impl_1/II_4.bit} [get_hw_devices xc7a35t_0]
program_hw_devices [get_hw_devices xc7a35t_0]
refresh_hw_device [lindex [get_hw_devices xc7a35t_0] 0]
reset_run synth_1
launch_runs impl_1 -to_step write_bitstream -jobs 16
wait_on_run impl_1
set_property PROBES.FILE {} [get_hw_devices xc7a35t_0]
set_property FULL_PROBES.FILE {} [get_hw_devices xc7a35t_0]
set_property PROGRAM.FILE {E:/project/single/Digital_System_Design/II/project_4/project_4.runs/impl_1/II_4.bit} [get_hw_devices xc7a35t_0]
program_hw_devices [get_hw_devices xc7a35t_0]
refresh_hw_device [lindex [get_hw_devices xc7a35t_0] 0]
reset_run synth_1
launch_runs impl_1 -to_step write_bitstream -jobs 16
wait_on_run impl_1
set_property PROBES.FILE {} [get_hw_devices xc7a35t_0]
set_property FULL_PROBES.FILE {} [get_hw_devices xc7a35t_0]
set_property PROGRAM.FILE {E:/project/single/Digital_System_Design/II/project_4/project_4.runs/impl_1/II_4.bit} [get_hw_devices xc7a35t_0]
program_hw_devices [get_hw_devices xc7a35t_0]
refresh_hw_device [lindex [get_hw_devices xc7a35t_0] 0]
reset_run synth_1
launch_runs impl_1 -to_step write_bitstream -jobs 16
wait_on_run impl_1
set_property PROBES.FILE {} [get_hw_devices xc7a35t_0]
set_property FULL_PROBES.FILE {} [get_hw_devices xc7a35t_0]
set_property PROGRAM.FILE {E:/project/single/Digital_System_Design/II/project_4/project_4.runs/impl_1/II_4.bit} [get_hw_devices xc7a35t_0]
program_hw_devices [get_hw_devices xc7a35t_0]
refresh_hw_device [lindex [get_hw_devices xc7a35t_0] 0]
reset_run synth_1
launch_runs impl_1 -to_step write_bitstream -jobs 16
wait_on_run impl_1
set_property PROBES.FILE {} [get_hw_devices xc7a35t_0]
set_property FULL_PROBES.FILE {} [get_hw_devices xc7a35t_0]
set_property PROGRAM.FILE {E:/project/single/Digital_System_Design/II/project_4/project_4.runs/impl_1/II_4.bit} [get_hw_devices xc7a35t_0]
program_hw_devices [get_hw_devices xc7a35t_0]
refresh_hw_device [lindex [get_hw_devices xc7a35t_0] 0]
reset_run synth_1
launch_runs impl_1 -to_step write_bitstream -jobs 16
wait_on_run impl_1
set_property PROBES.FILE {} [get_hw_devices xc7a35t_0]
set_property FULL_PROBES.FILE {} [get_hw_devices xc7a35t_0]
set_property PROGRAM.FILE {E:/project/single/Digital_System_Design/II/project_4/project_4.runs/impl_1/II_4.bit} [get_hw_devices xc7a35t_0]
program_hw_devices [get_hw_devices xc7a35t_0]
refresh_hw_device [lindex [get_hw_devices xc7a35t_0] 0]
reset_run synth_1
launch_runs impl_1 -to_step write_bitstream -jobs 16
wait_on_run impl_1
set_property PROBES.FILE {} [get_hw_devices xc7a35t_0]
set_property FULL_PROBES.FILE {} [get_hw_devices xc7a35t_0]
set_property PROGRAM.FILE {E:/project/single/Digital_System_Design/II/project_4/project_4.runs/impl_1/II_4.bit} [get_hw_devices xc7a35t_0]
program_hw_devices [get_hw_devices xc7a35t_0]
refresh_hw_device [lindex [get_hw_devices xc7a35t_0] 0]
reset_run synth_1
launch_runs impl_1 -to_step write_bitstream -jobs 16
wait_on_run impl_1
set_property PROBES.FILE {} [get_hw_devices xc7a35t_0]
set_property FULL_PROBES.FILE {} [get_hw_devices xc7a35t_0]
set_property PROGRAM.FILE {E:/project/single/Digital_System_Design/II/project_4/project_4.runs/impl_1/II_4.bit} [get_hw_devices xc7a35t_0]
program_hw_devices [get_hw_devices xc7a35t_0]
refresh_hw_device [lindex [get_hw_devices xc7a35t_0] 0]
reset_run synth_1
launch_runs impl_1 -to_step write_bitstream -jobs 16
wait_on_run impl_1
set_property PROBES.FILE {} [get_hw_devices xc7a35t_0]
set_property FULL_PROBES.FILE {} [get_hw_devices xc7a35t_0]
set_property PROGRAM.FILE {E:/project/single/Digital_System_Design/II/project_4/project_4.runs/impl_1/II_4.bit} [get_hw_devices xc7a35t_0]
program_hw_devices [get_hw_devices xc7a35t_0]
refresh_hw_device [lindex [get_hw_devices xc7a35t_0] 0]
reset_run synth_1
launch_runs impl_1 -to_step write_bitstream -jobs 16
wait_on_run impl_1
set_property PROBES.FILE {} [get_hw_devices xc7a35t_0]
set_property FULL_PROBES.FILE {} [get_hw_devices xc7a35t_0]
set_property PROGRAM.FILE {E:/project/single/Digital_System_Design/II/project_4/project_4.runs/impl_1/II_4.bit} [get_hw_devices xc7a35t_0]
program_hw_devices [get_hw_devices xc7a35t_0]
refresh_hw_device [lindex [get_hw_devices xc7a35t_0] 0]
reset_run synth_1
launch_runs impl_1 -to_step write_bitstream -jobs 16
wait_on_run impl_1
set_property PROBES.FILE {} [get_hw_devices xc7a35t_0]
set_property FULL_PROBES.FILE {} [get_hw_devices xc7a35t_0]
set_property PROGRAM.FILE {E:/project/single/Digital_System_Design/II/project_4/project_4.runs/impl_1/II_4.bit} [get_hw_devices xc7a35t_0]
program_hw_devices [get_hw_devices xc7a35t_0]
refresh_hw_device [lindex [get_hw_devices xc7a35t_0] 0]
reset_run synth_1
launch_runs impl_1 -to_step write_bitstream -jobs 16
wait_on_run impl_1
set_property PROBES.FILE {} [get_hw_devices xc7a35t_0]
set_property FULL_PROBES.FILE {} [get_hw_devices xc7a35t_0]
set_property PROGRAM.FILE {E:/project/single/Digital_System_Design/II/project_4/project_4.runs/impl_1/II_4.bit} [get_hw_devices xc7a35t_0]
program_hw_devices [get_hw_devices xc7a35t_0]
refresh_hw_device [lindex [get_hw_devices xc7a35t_0] 0]
reset_run synth_1
launch_runs impl_1 -to_step write_bitstream -jobs 16
wait_on_run impl_1
set_property PROBES.FILE {} [get_hw_devices xc7a35t_0]
set_property FULL_PROBES.FILE {} [get_hw_devices xc7a35t_0]
set_property PROGRAM.FILE {E:/project/single/Digital_System_Design/II/project_4/project_4.runs/impl_1/II_4.bit} [get_hw_devices xc7a35t_0]
program_hw_devices [get_hw_devices xc7a35t_0]
refresh_hw_device [lindex [get_hw_devices xc7a35t_0] 0]
reset_run synth_1
launch_runs impl_1 -to_step write_bitstream -jobs 16
wait_on_run impl_1
set_property PROBES.FILE {} [get_hw_devices xc7a35t_0]
set_property FULL_PROBES.FILE {} [get_hw_devices xc7a35t_0]
set_property PROGRAM.FILE {E:/project/single/Digital_System_Design/II/project_4/project_4.runs/impl_1/II_4.bit} [get_hw_devices xc7a35t_0]
program_hw_devices [get_hw_devices xc7a35t_0]
refresh_hw_device [lindex [get_hw_devices xc7a35t_0] 0]
reset_run synth_1
launch_runs impl_1 -to_step write_bitstream -jobs 16
wait_on_run impl_1
set_property PROBES.FILE {} [get_hw_devices xc7a35t_0]
set_property FULL_PROBES.FILE {} [get_hw_devices xc7a35t_0]
set_property PROGRAM.FILE {E:/project/single/Digital_System_Design/II/project_4/project_4.runs/impl_1/II_4.bit} [get_hw_devices xc7a35t_0]
program_hw_devices [get_hw_devices xc7a35t_0]
refresh_hw_device [lindex [get_hw_devices xc7a35t_0] 0]
reset_run synth_1
launch_runs impl_1 -to_step write_bitstream -jobs 16
wait_on_run impl_1
set_property PROBES.FILE {} [get_hw_devices xc7a35t_0]
set_property FULL_PROBES.FILE {} [get_hw_devices xc7a35t_0]
set_property PROGRAM.FILE {E:/project/single/Digital_System_Design/II/project_4/project_4.runs/impl_1/II_4.bit} [get_hw_devices xc7a35t_0]
program_hw_devices [get_hw_devices xc7a35t_0]
refresh_hw_device [lindex [get_hw_devices xc7a35t_0] 0]
reset_run synth_1
launch_runs impl_1 -to_step write_bitstream -jobs 16
wait_on_run impl_1
set_property PROBES.FILE {} [get_hw_devices xc7a35t_0]
set_property FULL_PROBES.FILE {} [get_hw_devices xc7a35t_0]
set_property PROGRAM.FILE {E:/project/single/Digital_System_Design/II/project_4/project_4.runs/impl_1/II_4.bit} [get_hw_devices xc7a35t_0]
program_hw_devices [get_hw_devices xc7a35t_0]
refresh_hw_device [lindex [get_hw_devices xc7a35t_0] 0]
reset_run synth_1
launch_runs impl_1 -to_step write_bitstream -jobs 16
wait_on_run impl_1
set_property PROBES.FILE {} [get_hw_devices xc7a35t_0]
set_property FULL_PROBES.FILE {} [get_hw_devices xc7a35t_0]
set_property PROGRAM.FILE {E:/project/single/Digital_System_Design/II/project_4/project_4.runs/impl_1/II_4.bit} [get_hw_devices xc7a35t_0]
program_hw_devices [get_hw_devices xc7a35t_0]
refresh_hw_device [lindex [get_hw_devices xc7a35t_0] 0]
reset_run synth_1
launch_runs impl_1 -to_step write_bitstream -jobs 16
wait_on_run impl_1
set_property PROBES.FILE {} [get_hw_devices xc7a35t_0]
set_property FULL_PROBES.FILE {} [get_hw_devices xc7a35t_0]
set_property PROGRAM.FILE {E:/project/single/Digital_System_Design/II/project_4/project_4.runs/impl_1/II_4.bit} [get_hw_devices xc7a35t_0]
program_hw_devices [get_hw_devices xc7a35t_0]
refresh_hw_device [lindex [get_hw_devices xc7a35t_0] 0]
reset_run synth_1
launch_runs impl_1 -to_step write_bitstream -jobs 16
wait_on_run impl_1
set_property PROBES.FILE {} [get_hw_devices xc7a35t_0]
set_property FULL_PROBES.FILE {} [get_hw_devices xc7a35t_0]
set_property PROGRAM.FILE {E:/project/single/Digital_System_Design/II/project_4/project_4.runs/impl_1/II_4.bit} [get_hw_devices xc7a35t_0]
program_hw_devices [get_hw_devices xc7a35t_0]
refresh_hw_device [lindex [get_hw_devices xc7a35t_0] 0]
reset_run synth_1
launch_runs impl_1 -to_step write_bitstream -jobs 16
wait_on_run impl_1
set_property PROBES.FILE {} [get_hw_devices xc7a35t_0]
set_property FULL_PROBES.FILE {} [get_hw_devices xc7a35t_0]
set_property PROGRAM.FILE {E:/project/single/Digital_System_Design/II/project_4/project_4.runs/impl_1/II_4.bit} [get_hw_devices xc7a35t_0]
program_hw_devices [get_hw_devices xc7a35t_0]
refresh_hw_device [lindex [get_hw_devices xc7a35t_0] 0]
reset_run synth_1
launch_runs impl_1 -to_step write_bitstream -jobs 16
wait_on_run impl_1
set_property PROBES.FILE {} [get_hw_devices xc7a35t_0]
set_property FULL_PROBES.FILE {} [get_hw_devices xc7a35t_0]
set_property PROGRAM.FILE {E:/project/single/Digital_System_Design/II/project_4/project_4.runs/impl_1/II_4.bit} [get_hw_devices xc7a35t_0]
program_hw_devices [get_hw_devices xc7a35t_0]
refresh_hw_device [lindex [get_hw_devices xc7a35t_0] 0]
reset_run synth_1
launch_runs impl_1 -to_step write_bitstream -jobs 16
wait_on_run impl_1
set_property PROBES.FILE {} [get_hw_devices xc7a35t_0]
set_property FULL_PROBES.FILE {} [get_hw_devices xc7a35t_0]
set_property PROGRAM.FILE {E:/project/single/Digital_System_Design/II/project_4/project_4.runs/impl_1/II_4.bit} [get_hw_devices xc7a35t_0]
program_hw_devices [get_hw_devices xc7a35t_0]
refresh_hw_device [lindex [get_hw_devices xc7a35t_0] 0]
reset_run synth_1
launch_runs impl_1 -to_step write_bitstream -jobs 16
wait_on_run impl_1
set_property PROBES.FILE {} [get_hw_devices xc7a35t_0]
set_property FULL_PROBES.FILE {} [get_hw_devices xc7a35t_0]
set_property PROGRAM.FILE {E:/project/single/Digital_System_Design/II/project_4/project_4.runs/impl_1/II_4.bit} [get_hw_devices xc7a35t_0]
program_hw_devices [get_hw_devices xc7a35t_0]
refresh_hw_device [lindex [get_hw_devices xc7a35t_0] 0]
reset_run synth_1
launch_runs impl_1 -to_step write_bitstream -jobs 16
wait_on_run impl_1
set_property PROBES.FILE {} [get_hw_devices xc7a35t_0]
set_property FULL_PROBES.FILE {} [get_hw_devices xc7a35t_0]
set_property PROGRAM.FILE {E:/project/single/Digital_System_Design/II/project_4/project_4.runs/impl_1/II_4.bit} [get_hw_devices xc7a35t_0]
program_hw_devices [get_hw_devices xc7a35t_0]
refresh_hw_device [lindex [get_hw_devices xc7a35t_0] 0]
reset_run synth_1
launch_runs impl_1 -to_step write_bitstream -jobs 16
wait_on_run impl_1
set_property PROBES.FILE {} [get_hw_devices xc7a35t_0]
set_property FULL_PROBES.FILE {} [get_hw_devices xc7a35t_0]
set_property PROGRAM.FILE {E:/project/single/Digital_System_Design/II/project_4/project_4.runs/impl_1/II_4.bit} [get_hw_devices xc7a35t_0]
program_hw_devices [get_hw_devices xc7a35t_0]
refresh_hw_device [lindex [get_hw_devices xc7a35t_0] 0]
