#-----------------------------------------------------------
# Vivado v2018.3 (64-bit)
# SW Build 2405991 on Thu Dec  6 23:38:27 MST 2018
# IP Build 2404404 on Fri Dec  7 01:43:56 MST 2018
# Start of session at: Mon Nov 11 22:21:02 2024
# Process ID: 36916
# Current directory: E:/project/single/Digital_System_Design/II/project_3
# Command line: vivado.exe -gui_launcher_event rodinguilauncherevent9748 E:\project\single\Digital_System_Design\II\project_3\project_3.xpr
# Log file: E:/project/single/Digital_System_Design/II/project_3/vivado.log
# Journal file: E:/project/single/Digital_System_Design/II/project_3\vivado.jou
#-----------------------------------------------------------
start_gui
open_project E:/project/single/Digital_System_Design/II/project_3/project_3.xpr
Scanning sources...
Finished scanning sources
INFO: [IP_Flow 19-234] Refreshing IP repositories
INFO: [IP_Flow 19-1704] No user IP repositories specified
INFO: [IP_Flow 19-2313] Loaded Vivado IP repository 'E:/Xilinx/Vivado/2018.3/data/ip'.
update_compile_order -fileset sources_1
exit
INFO: [Common 17-206] Exiting Vivado at Mon Nov 11 22:23:29 2024...
