
*** Running vivado
    with args -log II_4.vds -m64 -product Vivado -mode batch -messageDb vivado.pb -notrace -source II_4.tcl


****** Vivado v2018.3 (64-bit)
  **** SW Build 2405991 on Thu Dec  6 23:38:27 MST 2018
  **** IP Build 2404404 on Fri Dec  7 01:43:56 MST 2018
    ** Copyright 1986-2018 Xilinx, Inc. All Rights Reserved.

source II_4.tcl -notrace
Command: synth_design -top II_4 -part xc7a35tcpg236-1
Starting synth_design
Attempting to get a license for feature 'Synthesis' and/or device 'xc7a35t'
INFO: [Common 17-349] Got license for feature 'Synthesis' and/or device 'xc7a35t'
INFO: Launching helper process for spawning children vivado processes
INFO: Helper process launched with PID 46392 
---------------------------------------------------------------------------------
Starting RTL Elaboration : Time (s): cpu = 00:00:00 ; elapsed = 00:00:01 . Memory (MB): peak = 468.855 ; gain = 101.629
---------------------------------------------------------------------------------
INFO: [Synth 8-6157] synthesizing module 'II_4' [E:/project/single/Digital_System_Design/II/project_4/project_4.srcs/sources_1/new/II_4.sv:246]
INFO: [Synth 8-6157] synthesizing module 'vga_sync' [E:/project/single/Digital_System_Design/II/project_4/project_4.srcs/sources_1/new/II_4.sv:20]
INFO: [Synth 8-6157] synthesizing module 'clock_devider' [E:/project/single/Digital_System_Design/II/project_4/project_4.srcs/sources_1/new/II_4.sv:2]
INFO: [Synth 8-6155] done synthesizing module 'clock_devider' (1#1) [E:/project/single/Digital_System_Design/II/project_4/project_4.srcs/sources_1/new/II_4.sv:2]
INFO: [Synth 8-6155] done synthesizing module 'vga_sync' (2#1) [E:/project/single/Digital_System_Design/II/project_4/project_4.srcs/sources_1/new/II_4.sv:20]
INFO: [Synth 8-6157] synthesizing module 'img_pointer' [E:/project/single/Digital_System_Design/II/project_4/project_4.srcs/sources_1/new/II_4.sv:152]
INFO: [Synth 8-6157] synthesizing module 'mouse_pointer' [E:/project/single/Digital_System_Design/II/project_4/project_4.srcs/sources_1/new/II_4.sv:65]
INFO: [Synth 8-6157] synthesizing module 'ps2mouse' [E:/project/single/Digital_System_Design/II/project_4/project_4.srcs/sources_1/new/ps2_mouse.v:1]
INFO: [Synth 8-6157] synthesizing module 'ps2_init_funcmod' [E:/project/single/Digital_System_Design/II/project_4/project_4.srcs/sources_1/new/ps2_init_funcmod.v:2]
	Parameter T100US bound to: 13'b1001110001000 
	Parameter FF_Write bound to: 7'b0100000 
INFO: [Synth 8-155] case statement is not full and has no default [E:/project/single/Digital_System_Design/II/project_4/project_4.srcs/sources_1/new/ps2_init_funcmod.v:37]
INFO: [Synth 8-6155] done synthesizing module 'ps2_init_funcmod' (3#1) [E:/project/single/Digital_System_Design/II/project_4/project_4.srcs/sources_1/new/ps2_init_funcmod.v:2]
INFO: [Synth 8-6157] synthesizing module 'ps2_read_funcmod' [E:/project/single/Digital_System_Design/II/project_4/project_4.srcs/sources_1/new/ps2_read_funcmod.v:3]
	Parameter FF_Read bound to: 7'b0100000 
INFO: [Synth 8-155] case statement is not full and has no default [E:/project/single/Digital_System_Design/II/project_4/project_4.srcs/sources_1/new/ps2_read_funcmod.v:34]
INFO: [Synth 8-6155] done synthesizing module 'ps2_read_funcmod' (4#1) [E:/project/single/Digital_System_Design/II/project_4/project_4.srcs/sources_1/new/ps2_read_funcmod.v:3]
INFO: [Synth 8-6155] done synthesizing module 'ps2mouse' (5#1) [E:/project/single/Digital_System_Design/II/project_4/project_4.srcs/sources_1/new/ps2_mouse.v:1]
INFO: [Synth 8-6155] done synthesizing module 'mouse_pointer' (6#1) [E:/project/single/Digital_System_Design/II/project_4/project_4.srcs/sources_1/new/II_4.sv:65]
INFO: [Synth 8-6157] synthesizing module 'image' [E:/project/single/Digital_System_Design/II/project_4/project_4.srcs/sources_1/new/II_4.sv:126]
INFO: [Synth 8-6157] synthesizing module 'BRAM_pointer' [E:/project/single/Digital_System_Design/II/project_4/project_4.runs/synth_1/.Xil/Vivado-40148-WIN-H8ULN2I4VKL/realtime/BRAM_pointer_stub.v:6]
INFO: [Synth 8-6155] done synthesizing module 'BRAM_pointer' (7#1) [E:/project/single/Digital_System_Design/II/project_4/project_4.runs/synth_1/.Xil/Vivado-40148-WIN-H8ULN2I4VKL/realtime/BRAM_pointer_stub.v:6]
INFO: [Synth 8-6155] done synthesizing module 'image' (8#1) [E:/project/single/Digital_System_Design/II/project_4/project_4.srcs/sources_1/new/II_4.sv:126]
INFO: [Synth 8-6155] done synthesizing module 'img_pointer' (9#1) [E:/project/single/Digital_System_Design/II/project_4/project_4.srcs/sources_1/new/II_4.sv:152]
INFO: [Synth 8-6157] synthesizing module 'image_1' [E:/project/single/Digital_System_Design/II/project_4/project_4.srcs/sources_1/new/II_4.sv:196]
INFO: [Synth 8-6157] synthesizing module 'BRAM_framea' [E:/project/single/Digital_System_Design/II/project_4/project_4.runs/synth_1/.Xil/Vivado-40148-WIN-H8ULN2I4VKL/realtime/BRAM_framea_stub.v:6]
INFO: [Synth 8-6155] done synthesizing module 'BRAM_framea' (10#1) [E:/project/single/Digital_System_Design/II/project_4/project_4.runs/synth_1/.Xil/Vivado-40148-WIN-H8ULN2I4VKL/realtime/BRAM_framea_stub.v:6]
INFO: [Synth 8-6155] done synthesizing module 'image_1' (11#1) [E:/project/single/Digital_System_Design/II/project_4/project_4.srcs/sources_1/new/II_4.sv:196]
INFO: [Synth 8-6157] synthesizing module 'image_2' [E:/project/single/Digital_System_Design/II/project_4/project_4.srcs/sources_1/new/II_4.sv:222]
INFO: [Synth 8-6157] synthesizing module 'BRAM_frameb' [E:/project/single/Digital_System_Design/II/project_4/project_4.runs/synth_1/.Xil/Vivado-40148-WIN-H8ULN2I4VKL/realtime/BRAM_frameb_stub.v:6]
INFO: [Synth 8-6155] done synthesizing module 'BRAM_frameb' (12#1) [E:/project/single/Digital_System_Design/II/project_4/project_4.runs/synth_1/.Xil/Vivado-40148-WIN-H8ULN2I4VKL/realtime/BRAM_frameb_stub.v:6]
INFO: [Synth 8-6155] done synthesizing module 'image_2' (13#1) [E:/project/single/Digital_System_Design/II/project_4/project_4.srcs/sources_1/new/II_4.sv:222]
INFO: [Synth 8-6155] done synthesizing module 'II_4' (14#1) [E:/project/single/Digital_System_Design/II/project_4/project_4.srcs/sources_1/new/II_4.sv:246]
---------------------------------------------------------------------------------
Finished RTL Elaboration : Time (s): cpu = 00:00:00 ; elapsed = 00:00:02 . Memory (MB): peak = 524.465 ; gain = 157.238
---------------------------------------------------------------------------------

Report Check Netlist: 
+------+------------------+-------+---------+-------+------------------+
|      |Item              |Errors |Warnings |Status |Description       |
+------+------------------+-------+---------+-------+------------------+
|1     |multi_driven_nets |      0|        0|Passed |Multi driven nets |
+------+------------------+-------+---------+-------+------------------+
---------------------------------------------------------------------------------
Start Handling Custom Attributes
---------------------------------------------------------------------------------
---------------------------------------------------------------------------------
Finished Handling Custom Attributes : Time (s): cpu = 00:00:00 ; elapsed = 00:00:02 . Memory (MB): peak = 524.465 ; gain = 157.238
---------------------------------------------------------------------------------
---------------------------------------------------------------------------------
Finished RTL Optimization Phase 1 : Time (s): cpu = 00:00:00 ; elapsed = 00:00:02 . Memory (MB): peak = 524.465 ; gain = 157.238
---------------------------------------------------------------------------------
INFO: [Device 21-403] Loading part xc7a35tcpg236-1
INFO: [Project 1-570] Preparing netlist for logic optimization

Processing XDC Constraints
Initializing timing engine
Parsing XDC File [e:/project/single/Digital_System_Design/II/project_4/project_4.srcs/sources_1/ip/BRAM_pointer/BRAM_pointer/BRAM_P_in_context.xdc] for cell 'img_pointer/img_p/bram'
Finished Parsing XDC File [e:/project/single/Digital_System_Design/II/project_4/project_4.srcs/sources_1/ip/BRAM_pointer/BRAM_pointer/BRAM_P_in_context.xdc] for cell 'img_pointer/img_p/bram'
Parsing XDC File [e:/project/single/Digital_System_Design/II/project_4/project_4.srcs/sources_1/ip/BRAM_framea/BRAM_framea/BRAM_framea_in_context.xdc] for cell 'img_a/bram'
Finished Parsing XDC File [e:/project/single/Digital_System_Design/II/project_4/project_4.srcs/sources_1/ip/BRAM_framea/BRAM_framea/BRAM_framea_in_context.xdc] for cell 'img_a/bram'
Parsing XDC File [e:/project/single/Digital_System_Design/II/project_4/project_4.srcs/sources_1/ip/BRAM_frameb/BRAM_frameb/BRAM_frameb_in_context.xdc] for cell 'img_b/bram'
Finished Parsing XDC File [e:/project/single/Digital_System_Design/II/project_4/project_4.srcs/sources_1/ip/BRAM_frameb/BRAM_frameb/BRAM_frameb_in_context.xdc] for cell 'img_b/bram'
Parsing XDC File [E:/project/single/Digital_System_Design/II/project_4/project_4.srcs/constrs_1/new/vga.xdc]
Finished Parsing XDC File [E:/project/single/Digital_System_Design/II/project_4/project_4.srcs/constrs_1/new/vga.xdc]
INFO: [Project 1-236] Implementation specific constraints were found while reading constraint file [E:/project/single/Digital_System_Design/II/project_4/project_4.srcs/constrs_1/new/vga.xdc]. These constraints will be ignored for synthesis but will be used in implementation. Impacted constraints are listed in the file [.Xil/II_4_propImpl.xdc].
Resolution: To avoid this warning, move constraints listed in [.Xil/II_4_propImpl.xdc] to another XDC file and exclude this new file from synthesis with the used_in_synthesis property (File Properties dialog in GUI) and re-run elaboration/synthesis.
Parsing XDC File [E:/project/single/Digital_System_Design/II/project_4/project_4.srcs/constrs_1/new/ps2.xdc]
Finished Parsing XDC File [E:/project/single/Digital_System_Design/II/project_4/project_4.srcs/constrs_1/new/ps2.xdc]
INFO: [Project 1-236] Implementation specific constraints were found while reading constraint file [E:/project/single/Digital_System_Design/II/project_4/project_4.srcs/constrs_1/new/ps2.xdc]. These constraints will be ignored for synthesis but will be used in implementation. Impacted constraints are listed in the file [.Xil/II_4_propImpl.xdc].
Resolution: To avoid this warning, move constraints listed in [.Xil/II_4_propImpl.xdc] to another XDC file and exclude this new file from synthesis with the used_in_synthesis property (File Properties dialog in GUI) and re-run elaboration/synthesis.
Parsing XDC File [E:/project/single/Digital_System_Design/II/project_4/project_4.srcs/constrs_1/new/utils.xdc]
Finished Parsing XDC File [E:/project/single/Digital_System_Design/II/project_4/project_4.srcs/constrs_1/new/utils.xdc]
INFO: [Project 1-236] Implementation specific constraints were found while reading constraint file [E:/project/single/Digital_System_Design/II/project_4/project_4.srcs/constrs_1/new/utils.xdc]. These constraints will be ignored for synthesis but will be used in implementation. Impacted constraints are listed in the file [.Xil/II_4_propImpl.xdc].
Resolution: To avoid this warning, move constraints listed in [.Xil/II_4_propImpl.xdc] to another XDC file and exclude this new file from synthesis with the used_in_synthesis property (File Properties dialog in GUI) and re-run elaboration/synthesis.
Parsing XDC File [E:/project/single/Digital_System_Design/II/project_4/project_4.runs/synth_1/dont_touch.xdc]
Finished Parsing XDC File [E:/project/single/Digital_System_Design/II/project_4/project_4.runs/synth_1/dont_touch.xdc]
Netlist sorting complete. Time (s): cpu = 00:00:00 ; elapsed = 00:00:00 . Memory (MB): peak = 857.840 ; gain = 0.000
Completed Processing XDC Constraints

Netlist sorting complete. Time (s): cpu = 00:00:00 ; elapsed = 00:00:00.001 . Memory (MB): peak = 857.852 ; gain = 0.000
INFO: [Project 1-111] Unisim Transformation Summary:
No Unisim elements were transformed.

Netlist sorting complete. Time (s): cpu = 00:00:00 ; elapsed = 00:00:00 . Memory (MB): peak = 857.852 ; gain = 0.000
Constraint Validation Runtime : Time (s): cpu = 00:00:00 ; elapsed = 00:00:00.002 . Memory (MB): peak = 857.852 ; gain = 0.000
WARNING: [Timing 38-316] Clock period '20.000' specified during out-of-context synthesis of instance 'img_a/bram' at clock pin 'clka' is different from the actual clock period '10.000', this can lead to different synthesis results.
WARNING: [Timing 38-316] Clock period '20.000' specified during out-of-context synthesis of instance 'img_b/bram' at clock pin 'clka' is different from the actual clock period '10.000', this can lead to different synthesis results.
WARNING: [Timing 38-316] Clock period '20.000' specified during out-of-context synthesis of instance 'img_pointer/img_p/bram' at clock pin 'clka' is different from the actual clock period '10.000', this can lead to different synthesis results.
---------------------------------------------------------------------------------
Finished Constraint Validation : Time (s): cpu = 00:00:01 ; elapsed = 00:00:07 . Memory (MB): peak = 859.152 ; gain = 491.926
---------------------------------------------------------------------------------
---------------------------------------------------------------------------------
Start Loading Part and Timing Information
---------------------------------------------------------------------------------
Loading part: xc7a35tcpg236-1
---------------------------------------------------------------------------------
Finished Loading Part and Timing Information : Time (s): cpu = 00:00:01 ; elapsed = 00:00:07 . Memory (MB): peak = 859.152 ; gain = 491.926
---------------------------------------------------------------------------------
---------------------------------------------------------------------------------
Start Applying 'set_property' XDC Constraints
---------------------------------------------------------------------------------
Applied set_property DONT_TOUCH = true for img_pointer/img_p/bram. (constraint file  auto generated constraint, line ).
Applied set_property DONT_TOUCH = true for img_a/bram. (constraint file  auto generated constraint, line ).
Applied set_property DONT_TOUCH = true for img_b/bram. (constraint file  auto generated constraint, line ).
---------------------------------------------------------------------------------
Finished applying 'set_property' XDC Constraints : Time (s): cpu = 00:00:01 ; elapsed = 00:00:07 . Memory (MB): peak = 859.152 ; gain = 491.926
---------------------------------------------------------------------------------
INFO: [Synth 8-5546] ROM "T" won't be mapped to RAM because it is too sparse
INFO: [Synth 8-5546] ROM "C1" won't be mapped to RAM because it is too sparse
INFO: [Synth 8-5546] ROM "i" won't be mapped to RAM because it is too sparse
INFO: [Synth 8-5546] ROM "rCLK" won't be mapped to RAM because it is too sparse
INFO: [Synth 8-5546] ROM "isEn" won't be mapped to RAM because it is too sparse
INFO: [Synth 8-5546] ROM "isQ2" won't be mapped to RAM because it is too sparse
INFO: [Synth 8-5546] ROM "D1" won't be mapped to RAM because it is too sparse
INFO: [Synth 8-5546] ROM "Go" won't be mapped to RAM because it is too sparse
INFO: [Synth 8-5546] ROM "isDone" won't be mapped to RAM because it is too sparse
INFO: [Synth 8-5544] ROM "io_pos_x0" won't be mapped to Block RAM because address size (2) smaller than threshold (5)
INFO: [Synth 8-5544] ROM "io_pos_x0" won't be mapped to Block RAM because address size (2) smaller than threshold (5)
---------------------------------------------------------------------------------
Finished RTL Optimization Phase 2 : Time (s): cpu = 00:00:01 ; elapsed = 00:00:07 . Memory (MB): peak = 859.152 ; gain = 491.926
---------------------------------------------------------------------------------

Report RTL Partitions: 
+-+--------------+------------+----------+
| |RTL Partition |Replication |Instances |
+-+--------------+------------+----------+
+-+--------------+------------+----------+
---------------------------------------------------------------------------------
Start RTL Component Statistics 
---------------------------------------------------------------------------------
Detailed RTL Component Info : 
+---Adders : 
	   2 Input     32 Bit       Adders := 1     
	   2 Input     13 Bit       Adders := 1     
	   3 Input     13 Bit       Adders := 1     
	   3 Input     12 Bit       Adders := 1     
	   2 Input     11 Bit       Adders := 2     
	   3 Input     11 Bit       Adders := 1     
	   2 Input     10 Bit       Adders := 7     
	   3 Input     10 Bit       Adders := 3     
	   3 Input      9 Bit       Adders := 1     
	   2 Input      9 Bit       Adders := 1     
	   2 Input      7 Bit       Adders := 2     
	   2 Input      4 Bit       Adders := 1     
	   2 Input      2 Bit       Adders := 1     
+---Registers : 
	               24 Bit    Registers := 2     
	               13 Bit    Registers := 1     
	               11 Bit    Registers := 1     
	               10 Bit    Registers := 3     
	                9 Bit    Registers := 1     
	                8 Bit    Registers := 1     
	                7 Bit    Registers := 4     
	                2 Bit    Registers := 2     
	                1 Bit    Registers := 12    
+---Muxes : 
	  14 Input     24 Bit        Muxes := 1     
	   2 Input     13 Bit        Muxes := 1     
	   2 Input     12 Bit        Muxes := 3     
	   2 Input     11 Bit        Muxes := 3     
	   2 Input     10 Bit        Muxes := 3     
	   2 Input      9 Bit        Muxes := 1     
	   2 Input      8 Bit        Muxes := 4     
	  13 Input      8 Bit        Muxes := 1     
	  12 Input      7 Bit        Muxes := 1     
	  13 Input      7 Bit        Muxes := 1     
	  12 Input      2 Bit        Muxes := 1     
	   2 Input      2 Bit        Muxes := 3     
	   3 Input      2 Bit        Muxes := 1     
	   2 Input      1 Bit        Muxes := 21    
	  12 Input      1 Bit        Muxes := 10    
	   4 Input      1 Bit        Muxes := 1     
	  13 Input      1 Bit        Muxes := 4     
---------------------------------------------------------------------------------
Finished RTL Component Statistics 
---------------------------------------------------------------------------------
---------------------------------------------------------------------------------
Start RTL Hierarchical Component Statistics 
---------------------------------------------------------------------------------
Hierarchical RTL Component report 
Module II_4 
Detailed RTL Component Info : 
+---Registers : 
	                2 Bit    Registers := 1     
+---Muxes : 
	   2 Input     12 Bit        Muxes := 3     
	   2 Input      9 Bit        Muxes := 1     
	   2 Input      8 Bit        Muxes := 1     
	   2 Input      2 Bit        Muxes := 3     
	   3 Input      2 Bit        Muxes := 1     
Module clock_devider 
Detailed RTL Component Info : 
+---Adders : 
	   2 Input      2 Bit       Adders := 1     
+---Registers : 
	                2 Bit    Registers := 1     
+---Muxes : 
	   2 Input      1 Bit        Muxes := 1     
Module vga_sync 
Detailed RTL Component Info : 
+---Adders : 
	   2 Input     10 Bit       Adders := 4     
+---Registers : 
	               10 Bit    Registers := 2     
+---Muxes : 
	   2 Input      1 Bit        Muxes := 2     
Module ps2_init_funcmod 
Detailed RTL Component Info : 
+---Adders : 
	   2 Input     13 Bit       Adders := 1     
	   2 Input      7 Bit       Adders := 1     
	   2 Input      4 Bit       Adders := 1     
+---Registers : 
	               13 Bit    Registers := 1     
	                9 Bit    Registers := 1     
	                7 Bit    Registers := 2     
	                1 Bit    Registers := 7     
+---Muxes : 
	   2 Input     13 Bit        Muxes := 1     
	  12 Input      7 Bit        Muxes := 1     
	  12 Input      2 Bit        Muxes := 1     
	   2 Input      1 Bit        Muxes := 13    
	  12 Input      1 Bit        Muxes := 10    
	   4 Input      1 Bit        Muxes := 1     
Module ps2_read_funcmod 
Detailed RTL Component Info : 
+---Adders : 
	   2 Input     32 Bit       Adders := 1     
	   2 Input      7 Bit       Adders := 1     
+---Registers : 
	               24 Bit    Registers := 1     
	                8 Bit    Registers := 1     
	                7 Bit    Registers := 2     
	                1 Bit    Registers := 3     
+---Muxes : 
	  14 Input     24 Bit        Muxes := 1     
	   2 Input      8 Bit        Muxes := 3     
	  13 Input      8 Bit        Muxes := 1     
	  13 Input      7 Bit        Muxes := 1     
	  13 Input      1 Bit        Muxes := 4     
	   2 Input      1 Bit        Muxes := 4     
Module ps2mouse 
Detailed RTL Component Info : 
+---Registers : 
	               24 Bit    Registers := 1     
Module mouse_pointer 
Detailed RTL Component Info : 
+---Adders : 
	   2 Input     11 Bit       Adders := 2     
	   3 Input     10 Bit       Adders := 1     
	   2 Input     10 Bit       Adders := 1     
+---Registers : 
	               11 Bit    Registers := 1     
	               10 Bit    Registers := 1     
	                1 Bit    Registers := 2     
+---Muxes : 
	   2 Input     11 Bit        Muxes := 3     
	   2 Input     10 Bit        Muxes := 3     
	   2 Input      1 Bit        Muxes := 1     
Module image 
Detailed RTL Component Info : 
+---Adders : 
	   3 Input     13 Bit       Adders := 1     
	   3 Input     12 Bit       Adders := 1     
	   3 Input      9 Bit       Adders := 1     
Module image_1 
Detailed RTL Component Info : 
+---Adders : 
	   3 Input     10 Bit       Adders := 1     
	   2 Input     10 Bit       Adders := 1     
	   2 Input      9 Bit       Adders := 1     
Module image_2 
Detailed RTL Component Info : 
+---Adders : 
	   3 Input     11 Bit       Adders := 1     
	   3 Input     10 Bit       Adders := 1     
	   2 Input     10 Bit       Adders := 1     
---------------------------------------------------------------------------------
Finished RTL Hierarchical Component Statistics
---------------------------------------------------------------------------------
---------------------------------------------------------------------------------
Start Part Resource Summary
---------------------------------------------------------------------------------
Part Resources:
DSPs: 90 (col length:60)
BRAMs: 100 (col length: RAMB18 60 RAMB36 30)
---------------------------------------------------------------------------------
Finished Part Resource Summary
---------------------------------------------------------------------------------
---------------------------------------------------------------------------------
Start Cross Boundary and Area Optimization
---------------------------------------------------------------------------------
Warning: Parallel synthesis criteria is not met 
INFO: [Synth 8-4471] merging register 'img_pointer/mouse_pointer/ps2_mouse/U2/F1_reg' into 'img_pointer/mouse_pointer/ps2_mouse/U1/F1_reg' [E:/project/single/Digital_System_Design/II/project_4/project_4.srcs/sources_1/new/ps2_read_funcmod.v:14]
INFO: [Synth 8-4471] merging register 'img_pointer/mouse_pointer/ps2_mouse/U2/F2_reg' into 'img_pointer/mouse_pointer/ps2_mouse/U1/F2_reg' [E:/project/single/Digital_System_Design/II/project_4/project_4.srcs/sources_1/new/ps2_read_funcmod.v:14]
INFO: [Synth 8-5546] ROM "img_pointer/mouse_pointer/ps2_mouse/U1/C1" won't be mapped to RAM because it is too sparse
INFO: [Synth 8-5546] ROM "img_pointer/mouse_pointer/ps2_mouse/U1/T" won't be mapped to RAM because it is too sparse
INFO: [Synth 8-5546] ROM "img_pointer/mouse_pointer/ps2_mouse/U1/isEn" won't be mapped to RAM because it is too sparse
INFO: [Synth 8-5546] ROM "img_pointer/mouse_pointer/ps2_mouse/U1/isQ2" won't be mapped to RAM because it is too sparse
INFO: [Synth 8-5546] ROM "img_pointer/mouse_pointer/ps2_mouse/U2/Go" won't be mapped to RAM because it is too sparse
INFO: [Synth 8-5546] ROM "img_pointer/mouse_pointer/ps2_mouse/U2/isDone" won't be mapped to RAM because it is too sparse
INFO: [Synth 8-5544] ROM "io_pos_x0" won't be mapped to Block RAM because address size (2) smaller than threshold (5)
INFO: [Synth 8-5544] ROM "io_pos_x0" won't be mapped to Block RAM because address size (2) smaller than threshold (5)
INFO: [Synth 8-5546] ROM "img_pointer/mouse_pointer/ps2_mouse/U1/i" won't be mapped to RAM because it is too sparse
INFO: [Synth 8-5546] ROM "img_pointer/mouse_pointer/ps2_mouse/U1/rCLK" won't be mapped to RAM because it is too sparse
INFO: [Synth 8-5546] ROM "img_pointer/mouse_pointer/ps2_mouse/U1/isQ1" won't be mapped to RAM because it is too sparse
DSP Report: Generating DSP img_a/addra0, operation Mode is: C+A*(B:0xc8).
DSP Report: operator img_a/addra0 is absorbed into DSP img_a/addra0.
DSP Report: operator img_a/addra1 is absorbed into DSP img_a/addra0.
DSP Report: Generating DSP img_b/addra0, operation Mode is: C+A*(B:0xc8).
DSP Report: operator img_b/addra0 is absorbed into DSP img_b/addra0.
DSP Report: operator img_a/addra1 is absorbed into DSP img_b/addra0.
INFO: [Synth 8-3886] merging instance 'img_pointer/mouse_pointer/ps2_mouse/U2/Go_reg[5]' (FDCE) to 'img_pointer/mouse_pointer/ps2_mouse/U2/Go_reg[3]'
INFO: [Synth 8-3886] merging instance 'img_pointer/mouse_pointer/ps2_mouse/U2/Go_reg[6]' (FDCE) to 'img_pointer/mouse_pointer/ps2_mouse/U2/Go_reg[3]'
INFO: [Synth 8-3886] merging instance 'img_pointer/mouse_pointer/ps2_mouse/U2/Go_reg[4]' (FDCE) to 'img_pointer/mouse_pointer/ps2_mouse/U2/Go_reg[3]'
INFO: [Synth 8-3333] propagating constant 0 across sequential element (\img_pointer/mouse_pointer/ps2_mouse/U2/Go_reg[3] )
INFO: [Synth 8-3886] merging instance 'img_pointer/mouse_pointer/ps2_mouse/U1/Go_reg[6]' (FDCE) to 'img_pointer/mouse_pointer/ps2_mouse/U1/Go_reg[1]'
INFO: [Synth 8-3886] merging instance 'img_pointer/mouse_pointer/ps2_mouse/U1/Go_reg[4]' (FDCE) to 'img_pointer/mouse_pointer/ps2_mouse/U1/Go_reg[1]'
INFO: [Synth 8-3886] merging instance 'img_pointer/mouse_pointer/ps2_mouse/U1/Go_reg[1]' (FDCE) to 'img_pointer/mouse_pointer/ps2_mouse/U1/Go_reg[2]'
INFO: [Synth 8-3886] merging instance 'img_pointer/mouse_pointer/ps2_mouse/U1/Go_reg[3]' (FDCE) to 'img_pointer/mouse_pointer/ps2_mouse/U1/Go_reg[2]'
INFO: [Synth 8-3886] merging instance 'img_pointer/mouse_pointer/ps2_mouse/U1/Go_reg[2]' (FDCE) to 'img_pointer/mouse_pointer/ps2_mouse/U1/Go_reg[5]'
INFO: [Synth 8-3886] merging instance 'img_pointer/mouse_pointer/ps2_mouse/U1/Go_reg[5]' (FDCE) to 'img_pointer/mouse_pointer/ps2_mouse/U1/T_reg[8]'
INFO: [Synth 8-3886] merging instance 'img_pointer/mouse_pointer/ps2_mouse/U1/Go_reg[0]' (FDCE) to 'img_pointer/mouse_pointer/ps2_mouse/U1/T_reg[7]'
INFO: [Synth 8-3886] merging instance 'img_pointer/mouse_pointer/ps2_mouse/U1/T_reg[8]' (FDCE) to 'img_pointer/mouse_pointer/ps2_mouse/U1/T_reg[3]'
INFO: [Synth 8-3886] merging instance 'img_pointer/mouse_pointer/ps2_mouse/U1/T_reg[7]' (FDCE) to 'img_pointer/mouse_pointer/ps2_mouse/U1/T_reg[6]'
INFO: [Synth 8-3886] merging instance 'img_pointer/mouse_pointer/ps2_mouse/U1/T_reg[6]' (FDCE) to 'img_pointer/mouse_pointer/ps2_mouse/U1/T_reg[5]'
INFO: [Synth 8-3886] merging instance 'img_pointer/mouse_pointer/ps2_mouse/U1/T_reg[5]' (FDCE) to 'img_pointer/mouse_pointer/ps2_mouse/U1/T_reg[4]'
INFO: [Synth 8-3886] merging instance 'img_pointer/mouse_pointer/ps2_mouse/U1/T_reg[4]' (FDCE) to 'img_pointer/mouse_pointer/ps2_mouse/U1/T_reg[2]'
INFO: [Synth 8-3886] merging instance 'img_pointer/mouse_pointer/ps2_mouse/U1/T_reg[3]' (FDCE) to 'img_pointer/mouse_pointer/ps2_mouse/U1/T_reg[1]'
INFO: [Synth 8-3886] merging instance 'img_pointer/mouse_pointer/ps2_mouse/U1/T_reg[1]' (FDCE) to 'img_pointer/mouse_pointer/ps2_mouse/U1/T_reg[0]'
INFO: [Synth 8-3333] propagating constant 0 across sequential element (\img_pointer/mouse_pointer/ps2_mouse/U1/T_reg[0] )
INFO: [Synth 8-3886] merging instance 'img_pointer/mouse_pointer/reg_ypos_reg[9]' (FDE) to 'img_pointer/mouse_pointer/reg_ypos_reg[8]'
INFO: [Synth 8-3886] merging instance 'img_pointer/mouse_pointer/reg_xpos_reg[10]' (FDE) to 'img_pointer/mouse_pointer/reg_xpos_reg[9]'
---------------------------------------------------------------------------------
Finished Cross Boundary and Area Optimization : Time (s): cpu = 00:00:01 ; elapsed = 00:00:08 . Memory (MB): peak = 859.152 ; gain = 491.926
---------------------------------------------------------------------------------
---------------------------------------------------------------------------------
Start ROM, RAM, DSP and Shift Register Reporting
---------------------------------------------------------------------------------

DSP: Preliminary Mapping  Report (see note below)
+------------+--------------+--------+--------+--------+--------+--------+------+------+------+------+-------+------+------+
|Module Name | DSP Mapping  | A Size | B Size | C Size | D Size | P Size | AREG | BREG | CREG | DREG | ADREG | MREG | PREG | 
+------------+--------------+--------+--------+--------+--------+--------+------+------+------+------+-------+------+------+
|image_1     | C+A*(B:0xc8) | 10     | 8      | 10     | -      | 16     | 0    | 0    | 0    | -    | -     | 0    | 0    | 
|image_2     | C+A*(B:0xc8) | 10     | 8      | 10     | -      | 16     | 0    | 0    | 0    | -    | -     | 0    | 0    | 
+------------+--------------+--------+--------+--------+--------+--------+------+------+------+------+-------+------+------+

Note: The table above is a preliminary report that shows the DSPs inferred at the current stage of the synthesis flow. Some DSP may be reimplemented as non DSP primitives later in the synthesis flow. Multiple instantiated DSPs are reported only once.
---------------------------------------------------------------------------------
Finished ROM, RAM, DSP and Shift Register Reporting
---------------------------------------------------------------------------------

Report RTL Partitions: 
+-+--------------+------------+----------+
| |RTL Partition |Replication |Instances |
+-+--------------+------------+----------+
+-+--------------+------------+----------+
---------------------------------------------------------------------------------
Start Applying XDC Timing Constraints
---------------------------------------------------------------------------------
---------------------------------------------------------------------------------
Finished Applying XDC Timing Constraints : Time (s): cpu = 00:00:02 ; elapsed = 00:00:14 . Memory (MB): peak = 893.086 ; gain = 525.859
---------------------------------------------------------------------------------
---------------------------------------------------------------------------------
Start Timing Optimization
---------------------------------------------------------------------------------
---------------------------------------------------------------------------------
Finished Timing Optimization : Time (s): cpu = 00:00:02 ; elapsed = 00:00:15 . Memory (MB): peak = 959.129 ; gain = 591.902
---------------------------------------------------------------------------------

Report RTL Partitions: 
+-+--------------+------------+----------+
| |RTL Partition |Replication |Instances |
+-+--------------+------------+----------+
+-+--------------+------------+----------+
---------------------------------------------------------------------------------
Start Technology Mapping
---------------------------------------------------------------------------------
---------------------------------------------------------------------------------
Finished Technology Mapping : Time (s): cpu = 00:00:02 ; elapsed = 00:00:16 . Memory (MB): peak = 960.184 ; gain = 592.957
---------------------------------------------------------------------------------

Report RTL Partitions: 
+-+--------------+------------+----------+
| |RTL Partition |Replication |Instances |
+-+--------------+------------+----------+
+-+--------------+------------+----------+
---------------------------------------------------------------------------------
Start IO Insertion
---------------------------------------------------------------------------------
---------------------------------------------------------------------------------
Start Flattening Before IO Insertion
---------------------------------------------------------------------------------
---------------------------------------------------------------------------------
Finished Flattening Before IO Insertion
---------------------------------------------------------------------------------
---------------------------------------------------------------------------------
Start Final Netlist Cleanup
---------------------------------------------------------------------------------
---------------------------------------------------------------------------------
Finished Final Netlist Cleanup
---------------------------------------------------------------------------------
---------------------------------------------------------------------------------
Finished IO Insertion : Time (s): cpu = 00:00:02 ; elapsed = 00:00:16 . Memory (MB): peak = 960.184 ; gain = 592.957
---------------------------------------------------------------------------------

Report Check Netlist: 
+------+------------------+-------+---------+-------+------------------+
|      |Item              |Errors |Warnings |Status |Description       |
+------+------------------+-------+---------+-------+------------------+
|1     |multi_driven_nets |      0|        0|Passed |Multi driven nets |
+------+------------------+-------+---------+-------+------------------+
---------------------------------------------------------------------------------
Start Renaming Generated Instances
---------------------------------------------------------------------------------
---------------------------------------------------------------------------------
Finished Renaming Generated Instances : Time (s): cpu = 00:00:02 ; elapsed = 00:00:16 . Memory (MB): peak = 960.184 ; gain = 592.957
---------------------------------------------------------------------------------

Report RTL Partitions: 
+-+--------------+------------+----------+
| |RTL Partition |Replication |Instances |
+-+--------------+------------+----------+
+-+--------------+------------+----------+
---------------------------------------------------------------------------------
Start Rebuilding User Hierarchy
---------------------------------------------------------------------------------
---------------------------------------------------------------------------------
Finished Rebuilding User Hierarchy : Time (s): cpu = 00:00:02 ; elapsed = 00:00:16 . Memory (MB): peak = 960.184 ; gain = 592.957
---------------------------------------------------------------------------------
---------------------------------------------------------------------------------
Start Renaming Generated Ports
---------------------------------------------------------------------------------
---------------------------------------------------------------------------------
Finished Renaming Generated Ports : Time (s): cpu = 00:00:02 ; elapsed = 00:00:16 . Memory (MB): peak = 960.184 ; gain = 592.957
---------------------------------------------------------------------------------
---------------------------------------------------------------------------------
Start Handling Custom Attributes
---------------------------------------------------------------------------------
---------------------------------------------------------------------------------
Finished Handling Custom Attributes : Time (s): cpu = 00:00:02 ; elapsed = 00:00:16 . Memory (MB): peak = 960.184 ; gain = 592.957
---------------------------------------------------------------------------------
---------------------------------------------------------------------------------
Start Renaming Generated Nets
---------------------------------------------------------------------------------
---------------------------------------------------------------------------------
Finished Renaming Generated Nets : Time (s): cpu = 00:00:02 ; elapsed = 00:00:16 . Memory (MB): peak = 960.184 ; gain = 592.957
---------------------------------------------------------------------------------
---------------------------------------------------------------------------------
Start Writing Synthesis Report
---------------------------------------------------------------------------------

Report BlackBoxes: 
+------+--------------+----------+
|      |BlackBox name |Instances |
+------+--------------+----------+
|1     |BRAM_framea   |         1|
|2     |BRAM_frameb   |         1|
|3     |BRAM_pointer  |         1|
+------+--------------+----------+

Report Cell Usage: 
+------+-------------+------+
|      |Cell         |Count |
+------+-------------+------+
|1     |BRAM_framea  |     1|
|2     |BRAM_frameb  |     1|
|3     |BRAM_pointer |     1|
|4     |BUFG         |     1|
|5     |CARRY4       |    41|
|6     |DSP48E1      |     2|
|7     |LUT1         |    14|
|8     |LUT2         |    86|
|9     |LUT3         |    58|
|10    |LUT4         |    78|
|11    |LUT5         |    78|
|12    |LUT6         |   119|
|13    |FDCE         |    77|
|14    |FDPE         |     6|
|15    |FDRE         |    43|
|16    |FDSE         |     2|
|17    |IBUF         |     2|
|18    |IOBUF        |     2|
|19    |OBUF         |    14|
+------+-------------+------+

Report Instance Areas: 
+------+------------------+-----------------+------+
|      |Instance          |Module           |Cells |
+------+------------------+-----------------+------+
|1     |top               |                 |   659|
|2     |  img_a           |image_1          |    23|
|3     |  img_b           |image_2          |    36|
|4     |  img_pointer     |img_pointer      |   373|
|5     |    img_p         |image            |    47|
|6     |    mouse_pointer |mouse_pointer    |   326|
|7     |      ps2_mouse   |ps2mouse         |   203|
|8     |        U1        |ps2_init_funcmod |    78|
|9     |        U2        |ps2_read_funcmod |    82|
|10    |  vga_sync        |vga_sync         |   204|
|11    |    clock_devider |clock_devider    |     4|
+------+------------------+-----------------+------+
---------------------------------------------------------------------------------
Finished Writing Synthesis Report : Time (s): cpu = 00:00:02 ; elapsed = 00:00:16 . Memory (MB): peak = 960.184 ; gain = 592.957
---------------------------------------------------------------------------------
Synthesis finished with 0 errors, 0 critical warnings and 0 warnings.
Synthesis Optimization Runtime : Time (s): cpu = 00:00:01 ; elapsed = 00:00:12 . Memory (MB): peak = 960.184 ; gain = 258.270
Synthesis Optimization Complete : Time (s): cpu = 00:00:02 ; elapsed = 00:00:16 . Memory (MB): peak = 960.184 ; gain = 592.957
INFO: [Project 1-571] Translating synthesized netlist
INFO: [Netlist 29-17] Analyzing 45 Unisim elements for replacement
INFO: [Netlist 29-28] Unisim Transformation completed in 0 CPU seconds
INFO: [Project 1-570] Preparing netlist for logic optimization
INFO: [Opt 31-138] Pushed 0 inverter(s) to 0 load pin(s).
Netlist sorting complete. Time (s): cpu = 00:00:00 ; elapsed = 00:00:00 . Memory (MB): peak = 960.184 ; gain = 0.000
INFO: [Project 1-111] Unisim Transformation Summary:
  A total of 2 instances were transformed.
  IOBUF => IOBUF (IBUF, OBUFT): 2 instances

INFO: [Common 17-83] Releasing license: Synthesis
89 Infos, 3 Warnings, 0 Critical Warnings and 0 Errors encountered.
synth_design completed successfully
synth_design: Time (s): cpu = 00:00:02 ; elapsed = 00:00:18 . Memory (MB): peak = 960.184 ; gain = 604.473
Netlist sorting complete. Time (s): cpu = 00:00:00 ; elapsed = 00:00:00 . Memory (MB): peak = 960.184 ; gain = 0.000
WARNING: [Constraints 18-5210] No constraints selected for write.
Resolution: This message can indicate that there are no constraints for the design, or it can indicate that the used_in flags are set such that the constraints are ignored. This later case is used when running synth_design to not write synthesis constraints to the resulting checkpoint. Instead, project constraints are read when the synthesized design is opened.
INFO: [Common 17-1381] The checkpoint 'E:/project/single/Digital_System_Design/II/project_4/project_4.runs/synth_1/II_4.dcp' has been generated.
INFO: [runtcl-4] Executing : report_utilization -file II_4_utilization_synth.rpt -pb II_4_utilization_synth.pb
INFO: [Common 17-206] Exiting Vivado at Thu Nov 14 07:59:39 2024...
