Copyright 1986-2018 Xilinx, Inc. All Rights Reserved.
-------------------------------------------------------------------------------------
| Tool Version : Vivado v.2018.3 (win64) Build 2405991 Thu Dec  6 23:38:27 MST 2018
| Date         : Wed Nov 13 05:46:36 2024
| Host         : WIN-H8ULN2I4VKL running 64-bit major release  (build 9200)
| Command      : report_control_sets -verbose -file II_final_control_sets_placed.rpt
| Design       : II_final
| Device       : xc7a35t
-------------------------------------------------------------------------------------

Control Set Information

Table of Contents
-----------------
1. Summary
2. Histogram
3. Flip-Flop Distribution
4. Detailed Control Set Information

1. Summary
----------

+----------------------------------------------------------+-------+
|                          Status                          | Count |
+----------------------------------------------------------+-------+
| Number of unique control sets                            |     6 |
| Unused register locations in slices containing registers |    25 |
+----------------------------------------------------------+-------+


2. Histogram
------------

+--------+--------------+
| Fanout | Control Sets |
+--------+--------------+
|      8 |            1 |
|     10 |            4 |
|     15 |            1 |
+--------+--------------+


3. Flip-Flop Distribution
-------------------------

+--------------+-----------------------+------------------------+-----------------+--------------+
| Clock Enable | Synchronous Set/Reset | Asynchronous Set/Reset | Total Registers | Total Slices |
+--------------+-----------------------+------------------------+-----------------+--------------+
| No           | No                    | No                     |              15 |            8 |
| No           | No                    | Yes                    |               0 |            0 |
| No           | Yes                   | No                     |              10 |            2 |
| Yes          | No                    | No                     |              28 |            8 |
| Yes          | No                    | Yes                    |               0 |            0 |
| Yes          | Yes                   | No                     |              10 |            4 |
+--------------+-----------------------+------------------------+-----------------+--------------+


4. Detailed Control Set Information
-----------------------------------

+--------------------------------------------------+---------------------------+---------------------------+------------------+----------------+
|                   Clock Signal                   |       Enable Signal       |      Set/Reset Signal     | Slice Load Count | Bel Load Count |
+--------------------------------------------------+---------------------------+---------------------------+------------------+----------------+
|  clock_IBUF_BUFG                                 | img_ui/io_hit_REG_reg_n_0 |                           |                3 |              8 |
| ~vga_sync/clock_devider/counter_reg[1]_0_BUFG[0] |                           | vga_sync/x_cnt[9]_i_1_n_0 |                2 |             10 |
| ~vga_sync/clock_devider/counter_reg[1]_0_BUFG[0] | vga_sync/p_2_in           |                           |                2 |             10 |
| ~vga_sync/clock_devider/counter_reg[1]_0_BUFG[0] | vga_sync/p_3_in           |                           |                3 |             10 |
| ~vga_sync/clock_devider/counter_reg[1]_0_BUFG[0] | vga_sync/y_cnt[9]_i_2_n_0 | vga_sync/y_cnt[9]_i_1_n_0 |                4 |             10 |
|  clock_IBUF_BUFG                                 |                           |                           |                8 |             15 |
+--------------------------------------------------+---------------------------+---------------------------+------------------+----------------+


